// Jest Snapshot v1, https://goo.gl/fbAQLP

exports[`<DetailsScreen /> tests Render the component correctly  1`] = `
<RCTSafeAreaView
  emulateUnlessSupported={true}
>
  <View
    style={
      Object {
        "backgroundColor": "white",
        "height": "100%",
        "width": "100%",
      }
    }
  >
    <View
      accessibilityIgnoresInvertColors={true}
      style={
        Object {
          "height": 533.6,
          "width": "100%",
        }
      }
    >
      <Image
        borderRadius={20}
        resizeMode="cover"
        source={
          Object {
            "uri": "https://www.themoviedb.org/t/p/w440_and_h660_face/d5NXSklXo0qyIYkgV94XAgMIckC.jpg",
          }
        }
        style={
          Array [
            Object {
              "bottom": 0,
              "left": 0,
              "position": "absolute",
              "right": 0,
              "top": 0,
            },
            Object {
              "height": 533.6,
              "width": "100%",
            },
            undefined,
          ]
        }
      />
      <View
        collapsable={false}
        forwardedRef={[Function]}
        nativeID="animatedComponent"
        style={
          Object {
            "bottom": 0,
            "left": 0,
            "opacity": 0,
            "position": "absolute",
            "right": 0,
            "top": 0,
          }
        }
      >
        <Text
          allowFontScaling={false}
          onPress={[Function]}
          style={
            Array [
              Object {
                "color": "#fff",
                "fontSize": 28,
              },
              Object {
                "position": "absolute",
                "right": 20,
                "top": 40,
                "zIndex": 2,
              },
              Object {
                "fontFamily": "Material Icons",
                "fontStyle": "normal",
                "fontWeight": "normal",
              },
              Object {},
            ]
          }
        >
          Óóç
        </Text>
      </View>
      <View
        style={
          Object {
            "backgroundColor": "white",
            "borderRadius": 20,
            "bottom": 10,
            "position": "absolute",
            "right": 20,
          }
        }
      >
        <Text
          style={
            Object {
              "color": "red",
              "fontSize": 15,
              "fontWeight": "600",
              "margin": 10,
              "textTransform": "uppercase",
            }
          }
        >
          en
        </Text>
      </View>
    </View>
    <RCTScrollView
      collapsable={false}
      onGestureHandlerEvent={[Function]}
      onGestureHandlerStateChange={[Function]}
      showsVerticalScrollIndicator={false}
    >
      <View>
        <View
          style={
            Object {
              "flexDirection": "column",
            }
          }
        >
          <View
            style={
              Object {
                "flexDirection": "row",
                "justifyContent": "space-between",
                "padding": 20,
                "width": "100%",
              }
            }
          >
            <View
              style={
                Object {
                  "flex": 4,
                }
              }
            >
              <Text
                style={
                  Object {
                    "fontSize": 17,
                  }
                }
              >
                Dune
              </Text>
              <Text
                style={
                  Object {
                    "color": "grey",
                    "fontSize": 15,
                  }
                }
              >
                2021-09-15
              </Text>
            </View>
            <View
              style={
                Object {
                  "flex": 2,
                  "marginHorizontal": 10,
                }
              }
            >
              <Text
                style={
                  Object {
                    "alignItems": "center",
                    "fontSize": 20,
                    "justifyContent": "center",
                    "textAlign": "center",
                  }
                }
              >
                8.1
                <Text
                  style={
                    Object {
                      "alignItems": "center",
                      "fontSize": 20,
                      "justifyContent": "center",
                      "textAlign": "center",
                    }
                  }
                >
                  /
                  2176
                </Text>
              </Text>
            </View>
          </View>
          <Text
            style={
              Object {
                "fontSize": 17,
                "padding": 20,
              }
            }
          >
            Paul Atreides, a brilliant and gifted young man born into a great destiny beyond his understanding, must travel to the most dangerous planet in the universe to ensure the future of his family and his people. As malevolent forces explode into conflict over the planet's exclusive supply of the most precious resource in existence-a commodity capable of unlocking humanity's greatest potential-only those who can conquer their fear will survive.
          </Text>
          <View
            style={
              Object {
                "flexDirection": "row",
                "flexWrap": "wrap",
                "marginHorizontal": 20,
                "width": "100%",
              }
            }
          >
            <View
              style={
                Object {
                  "backgroundColor": "grey",
                  "borderRadius": 15,
                  "marginBottom": 5,
                  "marginLeft": 5,
                }
              }
            >
              <Text
                style={
                  Object {
                    "color": "white",
                    "fontSize": 14,
                    "margin": 7,
                  }
                }
              >
                Action
              </Text>
            </View>
            <View
              style={
                Object {
                  "backgroundColor": "grey",
                  "borderRadius": 15,
                  "marginBottom": 5,
                  "marginLeft": 5,
                }
              }
            >
              <Text
                style={
                  Object {
                    "color": "white",
                    "fontSize": 14,
                    "margin": 7,
                  }
                }
              >
                Adventure
              </Text>
            </View>
            <View
              style={
                Object {
                  "backgroundColor": "grey",
                  "borderRadius": 15,
                  "marginBottom": 5,
                  "marginLeft": 5,
                }
              }
            >
              <Text
                style={
                  Object {
                    "color": "white",
                    "fontSize": 14,
                    "margin": 7,
                  }
                }
              >
                Drama
              </Text>
            </View>
            <View
              style={
                Object {
                  "backgroundColor": "grey",
                  "borderRadius": 15,
                  "marginBottom": 5,
                  "marginLeft": 5,
                }
              }
            >
              <Text
                style={
                  Object {
                    "color": "white",
                    "fontSize": 14,
                    "margin": 7,
                  }
                }
              >
                Fantasy
              </Text>
            </View>
            <View
              style={
                Object {
                  "backgroundColor": "grey",
                  "borderRadius": 15,
                  "marginBottom": 5,
                  "marginLeft": 5,
                }
              }
            >
              <Text
                style={
                  Object {
                    "color": "white",
                    "fontSize": 14,
                    "margin": 7,
                  }
                }
              >
                Science Fiction
              </Text>
            </View>
          </View>
        </View>
      </View>
    </RCTScrollView>
  </View>
</RCTSafeAreaView>
`;
