// Jest Snapshot v1, https://goo.gl/fbAQLP

exports[`<MovieCard /> tests Render the component correctly  1`] = `
<View
  accessible={true}
  collapsable={false}
  focusable={true}
  nativeID="animatedComponent"
  onClick={[Function]}
  onResponderGrant={[Function]}
  onResponderMove={[Function]}
  onResponderRelease={[Function]}
  onResponderTerminate={[Function]}
  onResponderTerminationRequest={[Function]}
  onStartShouldSetResponder={[Function]}
  style={
    Object {
      "alignItems": "center",
      "backgroundColor": "white",
      "borderRadius": 16,
      "elevation": 1,
      "flexDirection": "row",
      "justifyContent": "space-between",
      "marginVertical": 10,
      "opacity": 1,
      "shadowColor": "black",
      "shadowOffset": Object {
        "height": 0,
        "width": 0,
      },
      "shadowOpacity": 0.2,
      "shadowRadius": 4,
    }
  }
>
  <View
    style={
      Object {
        "flexDirection": "column",
        "padding": 10,
        "width": "100%",
      }
    }
  >
    <View>
      <Image
        resizeMode="cover"
        source={
          Object {
            "uri": "https://www.themoviedb.org/t/p/w440_and_h660_face/rjkmN1dniUHVYAtwuV3Tji7FsDO.jpg",
          }
        }
        style={
          Object {
            "height": 200,
            "width": "100%",
          }
        }
      />
      <View
        accessible={true}
        focusable={true}
        onClick={[Function]}
        onResponderGrant={[Function]}
        onResponderMove={[Function]}
        onResponderRelease={[Function]}
        onResponderTerminate={[Function]}
        onResponderTerminationRequest={[Function]}
        onStartShouldSetResponder={[Function]}
      >
        <Text
          allowFontScaling={false}
          style={
            Array [
              Object {
                "color": "grey",
                "fontSize": 30,
              },
              Object {
                "bottom": 10,
                "left": 20,
                "position": "absolute",
              },
              Object {
                "fontFamily": "Material Icons",
                "fontStyle": "normal",
                "fontWeight": "normal",
              },
              Object {},
            ]
          }
        >
          î¡½
        </Text>
      </View>
      <View
        style={
          Object {
            "backgroundColor": "white",
            "borderRadius": 20,
            "bottom": 10,
            "position": "absolute",
            "right": 20,
          }
        }
      >
        <Text
          style={
            Object {
              "color": "red",
              "fontSize": 15,
              "fontWeight": "600",
              "margin": 10,
              "textTransform": "uppercase",
            }
          }
        >
          en
        </Text>
      </View>
    </View>
    <View
      style={
        Object {
          "flexDirection": "row",
          "justifyContent": "space-between",
          "marginVertical": 5,
          "width": "100%",
        }
      }
    >
      <View
        style={
          Object {
            "flex": 4,
          }
        }
      >
        <Text
          style={
            Object {
              "fontSize": 17,
            }
          }
        >
          Venom: Let There Be Carnage
        </Text>
        <Text
          style={
            Object {
              "color": "grey",
              "fontSize": 15,
            }
          }
        >
          2021-09-30
        </Text>
      </View>
      <View
        style={
          Object {
            "alignItems": "center",
            "flex": 2,
            "marginHorizontal": 10,
          }
        }
      >
        <Text
          style={
            Object {
              "alignItems": "center",
              "fontSize": 20,
              "justifyContent": "center",
              "textAlign": "center",
            }
          }
        >
          7
        </Text>
      </View>
    </View>
  </View>
</View>
`;
